AutoDock Vina v1.2.7
#################################################################
# If you used AutoDock Vina in your work, please cite:          #
#                                                               #
# J. Eberhardt, D. Santos-Martins, A. F. Tillack, and S. Forli  #
# AutoDock Vina 1.2.0: New Docking Methods, Expanded Force      #
# Field, and Python Bindings, J. Chem. Inf. Model. (2021)       #
# DOI 10.1021/acs.jcim.1c00203                                  #
#                                                               #
# O. Trott, A. J. Olson,                                        #
# AutoDock Vina: improving the speed and accuracy of docking    #
# with a new scoring function, efficient optimization and       #
# multithreading, J. Comp. Chem. (2010)                         #
# DOI 10.1002/jcc.21334                                         #
#                                                               #
# Please see https://github.com/ccsb-scripps/AutoDock-Vina for  #
# more information.                                             #
#################################################################

Scoring function : vina
Rigid receptor: analysis\dinp_crc_docking_target_selection\prepared\ESR1_1XPC_rigid.pdbqt
Ligand: analysis\dinp_crc_docking_target_selection\prepared\DINP_CID590836.pdbqt
Grid center: X 31.465 Y -1.534 Z 25.483
Grid size  : X 22 Y 22 Z 22
Grid space : 0.375
Exhaustiveness: 32
CPU: 8
Verbosity: 1

Computing Vina grid ... done.
Performing docking (random seed: 20260909) ... 
0%   10   20   30   40   50   60   70   80   90   100%
|----|----|----|----|----|----|----|----|----|----|
***************************************************

mode |   affinity | dist from best mode
     | (kcal/mol) | rmsd l.b.| rmsd u.b.
-----+------------+----------+----------
   1       -8.059          0          0
   2       -7.987      1.836      3.475
   3       -7.964      0.705      7.216
   4       -7.934      1.974      7.954
   5       -7.915      1.904      8.075
   6       -7.906      3.545      7.159
   7       -7.838      3.458      10.08
   8        -7.81        1.9      3.686
   9       -7.792        1.8      7.905
  10       -7.787      3.589      9.875
  11       -7.713      1.706      4.986
  12       -7.653       3.54       6.79
  13       -7.493      1.361      5.129
  14       -7.453      1.908       7.05
  15       -7.434      1.454      7.654
  16       -7.419      1.564      7.658
  17       -7.415      2.247      8.345
  18        -7.39      2.296      4.977
  19       -7.255      1.406      5.298
  20       -7.212      2.136      7.748
