AutoDock Vina v1.2.7
#################################################################
# If you used AutoDock Vina in your work, please cite:          #
#                                                               #
# J. Eberhardt, D. Santos-Martins, A. F. Tillack, and S. Forli  #
# AutoDock Vina 1.2.0: New Docking Methods, Expanded Force      #
# Field, and Python Bindings, J. Chem. Inf. Model. (2021)       #
# DOI 10.1021/acs.jcim.1c00203                                  #
#                                                               #
# O. Trott, A. J. Olson,                                        #
# AutoDock Vina: improving the speed and accuracy of docking    #
# with a new scoring function, efficient optimization and       #
# multithreading, J. Comp. Chem. (2010)                         #
# DOI 10.1002/jcc.21334                                         #
#                                                               #
# Please see https://github.com/ccsb-scripps/AutoDock-Vina for  #
# more information.                                             #
#################################################################

Scoring function : vina
Rigid receptor: analysis\dinp_crc_docking_target_selection\prepared\NR1I2_8CH8_rigid.pdbqt
Ligand: analysis\dinp_crc_docking_target_selection\prepared\DINP_CID590836.pdbqt
Grid center: X 8.984 Y -15.328 Z -1.918
Grid size  : X 24 Y 24 Z 24
Grid space : 0.375
Exhaustiveness: 32
CPU: 8
Verbosity: 1

Computing Vina grid ... done.
Performing docking (random seed: 20260909) ... 
0%   10   20   30   40   50   60   70   80   90   100%
|----|----|----|----|----|----|----|----|----|----|
***************************************************

mode |   affinity | dist from best mode
     | (kcal/mol) | rmsd l.b.| rmsd u.b.
-----+------------+----------+----------
   1       -6.779          0          0
   2        -6.74      3.998      7.949
   3       -6.718       4.03      7.755
   4       -6.702     0.6553      4.672
   5       -6.612      4.067      7.835
   6       -6.594      2.846      6.889
   7       -6.558      1.918      6.317
   8       -6.531      4.118      8.237
   9       -6.523      1.918      7.139
  10       -6.496      3.659       7.58
  11       -6.482      5.339      9.661
  12        -6.46      1.655      5.953
  13       -6.451      5.415      8.783
  14       -6.414      1.505        6.9
  15        -6.38      3.977      7.261
  16       -6.378      3.992       8.21
  17       -6.341      4.184      7.489
  18       -6.338      3.574       7.61
  19       -6.329      1.646      6.905
  20       -6.274      4.046      8.187
