AutoDock Vina v1.2.7
#################################################################
# If you used AutoDock Vina in your work, please cite:          #
#                                                               #
# J. Eberhardt, D. Santos-Martins, A. F. Tillack, and S. Forli  #
# AutoDock Vina 1.2.0: New Docking Methods, Expanded Force      #
# Field, and Python Bindings, J. Chem. Inf. Model. (2021)       #
# DOI 10.1021/acs.jcim.1c00203                                  #
#                                                               #
# O. Trott, A. J. Olson,                                        #
# AutoDock Vina: improving the speed and accuracy of docking    #
# with a new scoring function, efficient optimization and       #
# multithreading, J. Comp. Chem. (2010)                         #
# DOI 10.1002/jcc.21334                                         #
#                                                               #
# Please see https://github.com/ccsb-scripps/AutoDock-Vina for  #
# more information.                                             #
#################################################################

Scoring function : vina
Rigid receptor: analysis\dinp_crc_docking_target_selection\prepared\PPARA_6KB1_rigid.pdbqt
Ligand: analysis\dinp_crc_docking_target_selection\prepared\DINP_CID590836.pdbqt
Grid center: X 11.11 Y 4.368 Z -7.357
Grid size  : X 24 Y 24 Z 24
Grid space : 0.375
Exhaustiveness: 32
CPU: 8
Verbosity: 1

Computing Vina grid ... done.
Performing docking (random seed: 20260909) ... 
0%   10   20   30   40   50   60   70   80   90   100%
|----|----|----|----|----|----|----|----|----|----|
***************************************************

mode |   affinity | dist from best mode
     | (kcal/mol) | rmsd l.b.| rmsd u.b.
-----+------------+----------+----------
   1       -7.651          0          0
   2       -7.564      3.468      5.191
   3       -7.509      3.408      8.992
   4       -7.434      3.329      9.392
   5       -7.353      3.787       8.88
   6       -7.353      5.175      7.683
   7       -7.299      4.226      8.936
   8       -7.286     0.8602      9.672
   9       -7.276      3.373      5.309
  10       -7.268      3.778      9.017
  11       -7.262      4.323      9.987
  12       -7.261     0.6073      9.442
  13       -7.259      4.479      7.173
  14       -7.252      5.191      7.543
  15       -7.133      4.718      7.211
  16       -7.125     0.9008      2.076
  17       -7.084      3.771      6.065
  18        -7.04       2.84      9.658
  19       -7.039       5.74      7.762
  20           -7      3.688      6.514
